=== 000001 上证综指 chan-signal 缠论买卖点分析 ===

[日线]
  最新价 3864.28 (-0.54%) | 趋势 向下 | 在中枢下方（中枢上沿:4175.35 下沿:4061.15）
  笔 28 中枢 7
  信号: 2个卖点(一卖, 三卖)；最新信号:一卖@3847.09
    卖点 一卖 @3847.09 置信度0.5
    卖点 三卖 @3847.09 置信度0.75

[周线]
  最新价 3864.28 (-0.61%) | 趋势 向下 | 在中枢下方（中枢上沿:4034.08 下沿:3927.85）
  笔 26 中枢 4
  信号: 1个卖点(一卖)；最新信号:一卖@3995.18
    卖点 一卖 @3995.18 置信度0.5

[60分钟]
  最新价 3864.28 (-0.17%) | 趋势 向下 | 在中枢下方（中枢上沿:3967.59 下沿:3927.55）
  笔 29 中枢 4
  信号: 1个卖点(三卖)；最新信号:三卖@3891.48
    卖点 三卖 @3891.48 置信度0.75

[15分钟]
  最新价 3864.28 (0.0%) | 趋势 向下 | 无中枢参考
  笔 31 中枢 0
  信号: 近期无明确买卖点

[5分钟]
  最新价 3864.28 (0.01%) | 趋势 向下 | 无中枢参考
  笔 33 中枢 0
  信号: 近期无明确买卖点

JSON 已保存: C:\Users\gedayou\.workbuddy\skills\chan-signal__skillhub\output\000001_20260915_chansignal.json
买卖点对比表已保存: C:\Users\gedayou\.workbuddy\skills\chan-signal__skillhub\output\000001_20260915_买卖点对比表.md

===== 买卖点对比表 (Markdown) =====
## 上证综指(000001) chan-signal 缠论买卖点交叉对比表

| 周期 | 最新价 | 涨跌 | 趋势 | 中枢位置 | 买点信号 | 卖点信号 |
|------|--------|------|------|---------|---------|---------|
| 日线 | 3864.28 | -0.54% | 向下 | 在中枢下方（中枢上沿:4175.35 下沿:4061.15） | — | 一卖@3847.09、三卖@3847.09 |
| 周线 | 3864.28 | -0.61% | 向下 | 在中枢下方（中枢上沿:4034.08 下沿:3927.85） | — | 一卖@3995.18 |
| 60分钟 | 3864.28 | -0.17% | 向下 | 在中枢下方（中枢上沿:3967.59 下沿:3927.55） | — | 三卖@3891.48 |
| 15分钟 | 3864.28 | +0.00% | 向下 | 无中枢参考 | — | — |
| 5分钟 | 3864.28 | +0.01% | 向下 | 无中枢参考 | — | — |

> 买卖点说明：一买=下跌背驰反转点（左侧建仓）、二买=回调不破前低（右侧建仓）、三买=突破中枢回踩（趋势确认追涨）；一卖/二卖/三卖为对应减仓/止损点。
> 周期联动：周线/日线定方向，60/15/5分钟找精确买卖点；多周期同向信号更可靠。

HTML 信号面板已保存: C:\Users\gedayou\.workbuddy\skills\chan-signal__skillhub\output\000001_20260915_买卖点面板.html
