### 上证综指(000001) BOLL × 缠论 交叉验证 + 变盘概率预判（盘中）

> BOLL(20,2) 统计通道 × 缠论结构买卖点。卖点≈上/中轨 = 双重压制；买点≈下/中轨 = 双重支撑；带宽<1% = 变盘前兆。

#### 变盘概率预判（多因子方向打分）

| 级别 | 上涨概率 | 下跌概率 | 方向 | 带宽状态 | 关键依据 |
|------|---------|---------|------|---------|---------|
| 15分钟 | **19%** | **81%** | 看空 | 极度收口（变盘） | 中轨下方-1，中轨下行-2，收口偏空-2，趋势向下-2 |
| 60分钟 | **10%** | **90%** | 看空 | 开口（趋势启动） | 中轨下方-1，中轨下行-2，开口向下-2，趋势向下-2，缠论卖点-2 |
| 120分钟（纯BOLL） | **12%** | **88%** | 看空 | 开口（趋势启动） | 中轨下方-1，中轨下行-2，开口向下-2 |
| 日线 | **19%** | **81%** | 看空 | 开口（趋势启动） | 中轨下方-1，中轨下行-2，开口向下-2，趋势向下-2 |

> 概率 = 多因子信号强度归一化（映射 5%~95%），**非历史回测胜率**。因子：BOLL 位置 ±2、中轨斜率 ±2、带宽变盘 ±2、缠论趋势 ±2、缠论最新信号 ±2；无缠论数据的级别（120分钟）仅 3 因子，置信度较低。

#### 路径推演（分阶段走势预判）

- **15分钟**：趋势向下，反弹 3878.35 中轨是卖点，沿趋势下行；带宽 0.86% 极度收口，即将变盘
- **60分钟**：趋势向下，反弹 3905.54 中轨是卖点，沿趋势下行；带宽 3.37% 开口，趋势延续
- **120分钟**：中轨下行，反弹 3923.28 中轨遇阻则回落；带宽 3.13% 开口，趋势延续
- **日线**：趋势向下，反弹 3923.64 中轨是卖点，沿趋势下行；带宽 3.37% 开口，趋势延续

#### 15分钟 BOLL(20,2)

| 指标 | 数值 |
|------|------|
| 最新收盘 | 3864.28（09-15 15:00） |
| 当日真实最高/最低 | 3891.62 / 3858.15 |
| 上轨 | 3895.05 |
| 中轨(20均线) | 3878.35 |
| 下轨 | 3861.65 |
| 带宽 | 0.86% → 极度收口（变盘） |

- 价格位置：**中轨下方（受中轨压制）**（距中轨 -14.07）

#### 60分钟 BOLL(20,2)

| 指标 | 数值 |
|------|------|
| 最新收盘 | 3864.28（09-15 15:00） |
| 当日真实最高/最低 | 3891.62 / 3858.15 |
| 上轨 | 3971.32 |
| 中轨(20均线) | 3905.54 |
| 下轨 | 3839.76 |
| 带宽 | 3.37% → 开口（趋势启动） |

- 价格位置：**中轨下方（受中轨压制）**（距中轨 -41.26）

- **缠论买卖点 × BOLL 轨道共振**（60分钟）：

| 缠论信号 | 价格 | 共振轨道 | 距轨道% | 评级 |
|---------|------|---------|--------|------|
| 三卖(卖) | 3891.48 | 中轨 | 0.36% | 弱共振 ✅ |

#### 120分钟 BOLL(20,2)

| 指标 | 数值 |
|------|------|
| 最新收盘 | 3864.28（09-15 15:00） |
| 当日真实最高/最低 | 3891.62 / 3858.15 |
| 上轨 | 3984.59 |
| 中轨(20均线) | 3923.28 |
| 下轨 | 3861.97 |
| 带宽 | 3.13% → 开口（趋势启动） |

- 价格位置：**中轨下方（受中轨压制）**（距中轨 -59.00）

- 共振比对：chan-signal 数据缺失，仅输出 BOLL 轨道。
#### 日线 BOLL(20,2)

| 指标 | 数值 |
|------|------|
| 最新收盘 | 3864.28（2026-09-15） |
| 当日真实最高/最低 | 3891.62 / 3858.15 |
| 上轨 | 3989.69 |
| 中轨(20均线) | 3923.64 |
| 下轨 | 3857.58 |
| 带宽 | 3.37% → 开口（趋势启动） |

- 价格位置：**中轨下方（受中轨压制）**（距中轨 -59.36）

- **缠论买卖点 × BOLL 轨道共振**（日线）：

| 缠论信号 | 价格 | 共振轨道 | 距轨道% | 评级 |
|---------|------|---------|--------|------|
| 一卖(卖) | 3847.09 | 中轨 | 1.95% | 无共振 — |
| 三卖(卖) | 3847.09 | 中轨 | 1.95% | 无共振 — |


[BOLL×缠论] Markdown 已保存: C:\Users\gedayou\.workbuddy\skills\chan-signal__skillhub\output\000001_20260915_BOLL缠论交叉验证.md
[BOLL×缠论] JSON 已保存: C:\Users\gedayou\.workbuddy\skills\chan-signal__skillhub\output\000001_20260915_boll_chan.json
