[skill] 卫斯李的投研笔记: 30条, 窗口内 12条
[skill] ⭕ 基业长青+: 30条, 窗口内 26条
[skill] Truth and Justice: 30条, 窗口内 1条
[cookie-err 48841181481248] try0: HTTP Error 401: Unauthorized
[cookie-err 48841181481248] try1: HTTP Error 401: Unauthorized
[cookie-err 48841181481248] try2: HTTP Error 401: Unauthorized
[cookie] 大鹏鸟笔记: 0条, 窗口内 0条
[cookie-err 48418411254128] try0: HTTP Error 401: Unauthorized
[cookie-err 48418411254128] try1: HTTP Error 401: Unauthorized
[cookie-err 48418411254128] try2: HTTP Error 401: Unauthorized
[cookie] ⭕ 短评&信息: 0条, 窗口内 0条
[cookie-err 28888222154481] try0: HTTP Error 401: Unauthorized
[cookie-err 28888222154481] try1: HTTP Error 401: Unauthorized
[cookie-err 28888222154481] try2: HTTP Error 401: Unauthorized
[cookie] 180K Research: 0条, 窗口内 0条
[cookie-err 51115885414844] try0: HTTP Error 401: Unauthorized
[cookie-err 51115885414844] try1: HTTP Error 401: Unauthorized
[cookie-err 51115885414844] try2: HTTP Error 401: Unauthorized
[cookie] AI 产业链地图·Serenity速报: 0条, 窗口内 0条
TOTAL_WINDOW=39  IMAGES=44  FILES=77
SAVED=C:\Users\gedayou\WorkBuddy\2026-08-14-09-01-12\.workbuddy\zsxq_fetch_raw.json
